[23hrtowing.co.za/index.html]
[backblue.gif]
[fade.gif]
[index.html]
[www.google-analytics.com/analytics.js]
[23hrtowing.co.za/feed/index.html]
[23hrtowing.co.za/wp-includes/css/dist/block-library/style.mina8c1.css]
[23hrtowing.co.za/wp-includes/js/mediaelement/mediaelementplayer-legacy.minc270.css]
[23hrtowing.co.za/wp-includes/js/mediaelement/wp-mediaelement.mina8c1.css]
[23hrtowing.co.za/wp-content/uploads/dynamic_avia/avia-merged-styles-a28cdb151472fb535ad263d819a6c266---5f06bdbce0808.css]
[23hrtowing.co.za/wp-includes/js/jquery/jquery4a5f.js]
[23hrtowing.co.za/wp-includes/js/jquery/jquery-migrate.min330a.js]
[23hrtowing.co.za/wp-content/plugins/google-analytics-dashboard-for-wp/assets/js/frontend.min42c6.js]
[23hrtowing.co.za/wp-json/index.html]
[23hrtowing.co.za/xmlrpc0db0.php]
[23hrtowing.co.za/wp-includes/wlwmanifest.xml]
[23hrtowing.co.za/wp-json/oembed/1.0/embed068a.json]
[23hrtowing.co.za/wp-json/oembed/1.0/embed0d72]
[23hrtowing.co.za/xmlrpc.php]
[23hrtowing.co.za/wp-content/themes/enfold/config-templatebuilder/avia-template-builder/assets/fonts/entypo-fontello.eot]
[23hrtowing.co.za/wp-content/themes/enfold/config-templatebuilder/avia-template-builder/assets/fonts/entypo-fontello.woff]
[23hrtowing.co.za/wp-content/themes/enfold/config-templatebuilder/avia-template-builder/assets/fonts/entypo-fontellod41d.eot]
[23hrtowing.co.za/wp-content/themes/enfold/config-templatebuilder/avia-template-builder/assets/fonts/entypo-fontello.woff2]
[23hrtowing.co.za/wp-content/themes/enfold/config-templatebuilder/avia-template-builder/assets/fonts/entypo-fontello.ttf]
[23hrtowing.co.za/wp-content/themes/enfold/config-templatebuilder/avia-template-builder/assets/fonts/entypo-fontello.svg]
[23hrtowing.co.za/wp-content/uploads/avia_fonts/medical/medical.eot]
[23hrtowing.co.za/wp-content/uploads/avia_fonts/medical/medical.woff]
[23hrtowing.co.za/wp-content/uploads/avia_fonts/medical/medicald41d.eot]
[23hrtowing.co.za/wp-content/uploads/avia_fonts/medical/medical.woff2]
[23hrtowing.co.za/wp-content/uploads/avia_fonts/medical/medical.ttf]
[23hrtowing.co.za/wp-content/uploads/avia_fonts/medical/medical.svg]
[23hrtowing.co.za/wp-content/uploads/2019/08/23hr-logo.png]
[23hrtowing.co.za/services/index.html]
[23hrtowing.co.za/contact/index.html]
[23hrtowing.co.za/wp-content/uploads/2018/09/tyre-change-assist-slide.jpg]
[23hrtowing.co.za/our-fleet/index.html]
[23hrtowing.co.za/index1919.html]
[23hrtowing.co.za/wp-content/uploads/2018/09/fuel-assist-slide.jpg]
[23hrtowing.co.za/wp-content/uploads/2018/09/battery-icon.png]
[23hrtowing.co.za/wp-content/uploads/2018/09/road-side-assistance-icon.png]
[23hrtowing.co.za/wp-content/uploads/2018/09/petrol-icon.png]
[23hrtowing.co.za/wp-content/uploads/2018/09/Mechanical-Towing-icon.png]
[23hrtowing.co.za/wp-content/uploads/2018/09/towing-icon.png]
[23hrtowing.co.za/wp-content/uploads/2018/09/Wimberley-Towing-Roadside-Assistance-Jump-Start-2.jpg]
[spiderwebhosting.co.za/wp-content/uploads/2019/03/SPIDERWEB-WHITE-DESIGNED-HOSTED-BLACK-SMALL.png]
[23hrtowing.co.za/wp-content/themes/enfold/framework/index.html]
[23hrtowing.co.za/wp-admin/admin-ajax.23.delayed]
[23hrtowing.co.za/wp-includes/js/mediaelement/mediaelement-migrate.mina8c1.js]
[23hrtowing.co.za/wp-includes/js/mediaelement/mediaelement-and-player.minc270.js]
[23hrtowing.co.za/wp-includes/js/mediaelement/wp-mediaelement.mina8c1.js]
[23hrtowing.co.za/wp-includes/js/wp-embed.mina8c1.js]
[23hrtowing.co.za/index.html]
[23hrtowing.co.za/wp-includes/css/dist/block-library/style.mina8c1.css]
[23hrtowing.co.za/wp-includes/js/mediaelement/mejs-controls.svg]
[23hrtowing.co.za/wp-content/uploads/dynamic_avia/avia-footer-scripts-06cb52ab55e550f17855bdb311ad01f1---5f06bdbd2e9f6.js]
[23hrtowing.co.za/wp-includes/js/mediaelement/mediaelementplayer-legacy.minc270.css]
[23hrtowing.co.za/wp-includes/js/mediaelement/wp-mediaelement.mina8c1.css]
[23hrtowing.co.za/wp-content/themes/enfold/images/layout/loading.gif]
[23hrtowing.co.za/wp-content/uploads/dynamic_avia/avia-merged-styles-a28cdb151472fb535ad263d819a6c266---5f06bdbce0808.css]
[23hrtowing.co.za/xmlrpc.php]
[23hrtowing.co.za/wp-content/themes/enfold/config-templatebuilder/avia-template-builder/assets/fonts/entypo-fontello.svg]
[23hrtowing.co.za/wp-content/uploads/avia_fonts/medical/medical.html]
[23hrtowing.co.za/wp-content/uploads/avia_fonts/medical/medical.svg]
[23hrtowing.co.za/wp-json/oembed/1.0/embed9689.json]
[23hrtowing.co.za/wp-json/oembed/1.0/embede7f1]
[23hrtowing.co.za/wp-content/uploads/2018/09/fuel-assist-slide-300x126.jpg]
[23hrtowing.co.za/services/index.html]
[23hrtowing.co.za/services/index1919.html]
[23hrtowing.co.za/wp-json/oembed/1.0/embed1df4.json]
[23hrtowing.co.za/wp-json/oembed/1.0/embed5d07]
[23hrtowing.co.za/contact/index.html]
[23hrtowing.co.za/wp-json/oembed/1.0/embedaf30.json]
[23hrtowing.co.za/contact/index1919.html]
[23hrtowing.co.za/wp-json/oembed/1.0/embedc339]
[23hrtowing.co.za/wp-content/uploads/2018/09/23hr-towing-pic.jpg]
[23hrtowing.co.za/our-fleet/index1919.html]
[23hrtowing.co.za/wp-content/uploads/2018/09/IMG-20180919-WA0006.jpg]
[23hrtowing.co.za/wp-content/uploads/2018/09/IMG-20180919-WA0007-1024x576.jpg]
[23hrtowing.co.za/wp-content/uploads/2018/09/IMG-20180919-WA0007-705x397.jpg]
[23hrtowing.co.za/wp-content/uploads/2018/09/IMG-20180919-WA0008-1024x576.jpg]
[23hrtowing.co.za/wp-content/uploads/2018/09/IMG-20180919-WA0008-705x397.jpg]
[23hrtowing.co.za/wp-content/uploads/2018/09/IMG-20180919-WA0009.jpg]
[23hrtowing.co.za/wp-content/uploads/2018/09/IMG-20180919-WA0009-529x705.jpg]
[23hrtowing.co.za/wp-content/uploads/2018/09/IMG-20180919-WA0010.jpg]
[23hrtowing.co.za/wp-content/uploads/2018/09/IMG-20180919-WA0010-705x423.jpg]
[23hrtowing.co.za/wp-content/uploads/2018/09/IMG-20180919-WA0011.jpg]
[23hrtowing.co.za/wp-content/uploads/2018/09/IMG-20180919-WA0011-397x705.jpg]
[23hrtowing.co.za/wp-content/uploads/2018/09/IMG-20180919-WA0012.jpg]
[23hrtowing.co.za/wp-content/uploads/2018/09/IMG-20180919-WA0012-705x529.jpg]
[23hrtowing.co.za/wp-content/uploads/2018/09/IMG-20180919-WA0013.jpg]
[23hrtowing.co.za/wp-content/uploads/2018/09/IMG-20180919-WA0013-529x705.jpg]
[23hrtowing.co.za/wp-content/uploads/2018/09/IMG-20180919-WA0014.jpg]
[23hrtowing.co.za/wp-content/uploads/2018/09/IMG-20180919-WA0014-705x705.jpg]
[23hrtowing.co.za/wp-content/uploads/2018/09/IMG-20180919-WA0015-1024x768.jpg]
[23hrtowing.co.za/wp-content/uploads/2018/09/IMG-20180919-WA0015-705x529.jpg]
[23hrtowing.co.za/wp-content/uploads/2018/09/IMG-20180919-WA0017-1024x1024.jpg]
[23hrtowing.co.za/wp-content/uploads/2018/09/IMG-20180919-WA0017-705x705.jpg]
[23hrtowing.co.za/wp-content/uploads/2018/09/IMG-20180919-WA0018-1024x1024.jpg]
[23hrtowing.co.za/wp-content/uploads/2018/09/IMG-20180919-WA0018-705x705.jpg]
[23hrtowing.co.za/wp-content/uploads/2018/09/IMG-20180919-WA0019-768x1024.jpg]
[23hrtowing.co.za/wp-content/uploads/2018/09/IMG-20180919-WA0019-529x705.jpg]
[23hrtowing.co.za/our-fleet/index.html]
[23hrtowing.co.za/index1919.html]
[23hrtowing.co.za/wp-content/uploads/2018/10/VID-20181011-WA0024.html]
[23hrtowing.co.za/_autoindex/assets/css/autoindex.css]
[23hrtowing.co.za/_autoindex/assets/js/tablesort.js]
[23hrtowing.co.za/_autoindex/assets/js/tablesort.number.js]
[23hrtowing.co.za/_autoindex/assets/icons/corner-left-up.svg]
[23hrtowing.co.za/wp-content/themes/enfold/framework/index9a11.html]
[23hrtowing.co.za/_autoindex/assets/icons/folder-fill.svg]
[23hrtowing.co.za/wp-content/themes/enfold/framework/index2a60.html]
[23hrtowing.co.za/wp-content/themes/enfold/framework/index3dd6.html]
[23hrtowing.co.za/wp-content/themes/enfold/framework/css/index.html]
[23hrtowing.co.za/_autoindex/assets/icons/file-text.svg]
[23hrtowing.co.za/wp-content/themes/enfold/framework/images/index.html]
[23hrtowing.co.za/wp-content/themes/enfold/framework/js/index.html]
[23hrtowing.co.za/wp-content/themes/enfold/framework/php/index.html]
[23hrtowing.co.za/_autoindex/assets/icons/file.svg]
[23hrtowing.co.za/wp-content/themes/enfold/framework/index.html]
[23hrtowing.co.za/wp-content/themes/enfold/index.html]
[23hrtowing.co.za/wp-admin/admin-ajax.html]
[23hrtowing.co.za/wp-includes/js/mediaelement/mejs-controls.svg]
[23hrtowing.co.za/index1025.html]
[23hrtowing.co.za/services/index1919.html]
[23hrtowing.co.za/index74e6.html]
[23hrtowing.co.za/contact/index1919.html]
[23hrtowing.co.za/indexf14d.html]
[23hrtowing.co.za/our-fleet/index1919.html]
[23hrtowing.co.za/_autoindex/assets/css/autoindex.css]
[23hrtowing.co.za/wp-content/themes/enfold/framework/index9a11.html]
[23hrtowing.co.za/wp-content/themes/enfold/framework/index2a60.html]
[23hrtowing.co.za/wp-content/themes/enfold/framework/index3dd6.html]
[23hrtowing.co.za/_autoindex/assets/icons/corner-left-up.svg]
[23hrtowing.co.za/wp-content/themes/enfold/framework/indexd4cd.html]
[23hrtowing.co.za/wp-content/themes/enfold/framework/index7dc1.html]
[23hrtowing.co.za/wp-content/themes/enfold/framework/index38f9.html]
[23hrtowing.co.za/wp-content/themes/enfold/framework/css/avia_admin.css]
[23hrtowing.co.za/wp-content/themes/enfold/framework/css/index9a11.html]
[23hrtowing.co.za/wp-content/themes/enfold/framework/css/index3dd6.html]
[23hrtowing.co.za/wp-content/themes/enfold/framework/css/conditional_load/index.html]
[23hrtowing.co.za/wp-content/themes/enfold/framework/css/index2a60.html]
[23hrtowing.co.za/wp-content/themes/enfold/framework/css/avia_colorpicker.css]
[23hrtowing.co.za/wp-content/themes/enfold/framework/css/avia_sidebar.css]
[23hrtowing.co.za/wp-content/themes/enfold/framework/css/index.html]
[23hrtowing.co.za/_autoindex/assets/icons/folder-fill.svg]
[23hrtowing.co.za/wp-content/themes/enfold/framework/images/index.html]
[23hrtowing.co.za/wp-content/themes/enfold/framework/images/index9a11.html]
[23hrtowing.co.za/wp-content/themes/enfold/framework/images/index2a60.html]
[23hrtowing.co.za/wp-content/themes/enfold/framework/images/index3dd6.html]
[23hrtowing.co.za/wp-content/themes/enfold/framework/images/colorpicker/index.html]
[23hrtowing.co.za/wp-content/themes/enfold/framework/images/layout/index.html]
[23hrtowing.co.za/wp-content/themes/enfold/framework/images/misc/index.html]
[23hrtowing.co.za/wp-content/themes/enfold/framework/images/icons/index.html]
[23hrtowing.co.za/wp-content/themes/enfold/framework/js/avia_advanced_form_elements.js]
[23hrtowing.co.za/wp-content/themes/enfold/framework/js/index2a60.html]
[23hrtowing.co.za/wp-content/themes/enfold/framework/js/index9a11.html]
[23hrtowing.co.za/wp-content/themes/enfold/framework/js/index3dd6.html]
[23hrtowing.co.za/wp-content/themes/enfold/framework/js/conditional_load/index.html]
[23hrtowing.co.za/wp-content/themes/enfold/framework/js/avia_colorpicker.js]
[23hrtowing.co.za/wp-content/themes/enfold/framework/js/avia_dynamic_templates.js]
[23hrtowing.co.za/wp-content/themes/enfold/framework/js/avia_edit_dynamic_templtes.js]
[23hrtowing.co.za/wp-content/themes/enfold/framework/js/avia_media.js]
[23hrtowing.co.za/wp-content/themes/enfold/framework/js/avia_media_advanced.js]
[23hrtowing.co.za/wp-content/themes/enfold/framework/js/avia_media_wp35.js]
[23hrtowing.co.za/wp-content/themes/enfold/framework/js/avia_mega_menu.js]
[23hrtowing.co.za/wp-content/themes/enfold/framework/js/avia_option_pages.js]
[23hrtowing.co.za/wp-content/themes/enfold/framework/js/avia_sidebar.js]
[23hrtowing.co.za/wp-content/themes/enfold/framework/js/index.html]
[23hrtowing.co.za/wp-content/themes/enfold/framework/php/class-adminpages.html]
[23hrtowing.co.za/wp-content/themes/enfold/framework/php/index9a11.html]
[23hrtowing.co.za/wp-content/themes/enfold/framework/php/index2a60.html]
[23hrtowing.co.za/wp-content/themes/enfold/framework/php/auto-updates/index.html]
[23hrtowing.co.za/wp-content/themes/enfold/framework/php/index3dd6.html]
[23hrtowing.co.za/wp-content/themes/enfold/framework/php/avia_shortcodes/index.html]
[23hrtowing.co.za/wp-content/themes/enfold/framework/php/font-management/index.html]
[23hrtowing.co.za/wp-content/themes/enfold/framework/php/class-database-option-sets.html]
[23hrtowing.co.za/wp-content/themes/enfold/framework/php/wordpress-importer/index.html]
[23hrtowing.co.za/wp-content/themes/enfold/framework/php/class-form-generator.html]
[23hrtowing.co.za/wp-content/themes/enfold/framework/php/class-framework-widgets.html]
[23hrtowing.co.za/wp-content/themes/enfold/framework/php/class-gmaps.html]
[23hrtowing.co.za/wp-content/themes/enfold/framework/php/class-grecaptcha.html]
[23hrtowing.co.za/wp-content/themes/enfold/framework/php/class-htmlhelper.html]
[23hrtowing.co.za/wp-content/themes/enfold/framework/php/class-media.html]
[23hrtowing.co.za/wp-content/themes/enfold/framework/php/class-megamenu.html]
[23hrtowing.co.za/wp-content/themes/enfold/framework/php/class-metabox.html]
[23hrtowing.co.za/wp-content/themes/enfold/framework/php/class-queryfilter.html]
[23hrtowing.co.za/wp-content/themes/enfold/framework/php/class-sidebar-generator.html]
[23hrtowing.co.za/wp-content/themes/enfold/framework/php/class-style-generator.html]
[23hrtowing.co.za/wp-content/themes/enfold/framework/php/class-superobject.html]
[23hrtowing.co.za/wp-content/themes/enfold/framework/php/function-set-avia-ajax.html]
[23hrtowing.co.za/wp-content/themes/enfold/framework/php/function-set-avia-backend.html]
[23hrtowing.co.za/wp-content/themes/enfold/framework/php/function-set-avia-frontend.html]
[23hrtowing.co.za/wp-content/themes/enfold/framework/php/index.html]
[23hrtowing.co.za/_autoindex/assets/icons/file-text.svg]
[23hrtowing.co.za/wp-content/themes/enfold/framework/error_log.html]
[23hrtowing.co.za/_autoindex/assets/icons/file.svg]
[23hrtowing.co.za/wp-content/themes/enfold/framework/indexd4cd.html]
[23hrtowing.co.za/wp-content/themes/enfold/framework/index7dc1.html]
[23hrtowing.co.za/wp-content/themes/enfold/framework/index38f9.html]
[23hrtowing.co.za/wp-content/themes/enfold/framework/css/index9a11.html]
[23hrtowing.co.za/wp-content/themes/enfold/framework/css/index2a60.html]
[23hrtowing.co.za/wp-content/themes/enfold/framework/css/index3dd6.html]
[23hrtowing.co.za/wp-content/themes/enfold/framework/css/indexd4cd.html]
[23hrtowing.co.za/wp-content/themes/enfold/framework/css/index7dc1.html]
[23hrtowing.co.za/wp-content/themes/enfold/framework/css/index38f9.html]
[23hrtowing.co.za/wp-content/themes/enfold/framework/css/conditional_load/avia_admin_modern.css]
[23hrtowing.co.za/wp-content/themes/enfold/framework/css/conditional_load/index9a11.html]
[23hrtowing.co.za/wp-content/themes/enfold/framework/css/conditional_load/index2a60.html]
[23hrtowing.co.za/wp-content/themes/enfold/framework/css/conditional_load/index3dd6.html]
[23hrtowing.co.za/wp-content/themes/enfold/framework/css/conditional_load/avia_gallery_mode.css]
[23hrtowing.co.za/wp-content/themes/enfold/framework/css/conditional_load/avia_global_admin.css]
[23hrtowing.co.za/wp-content/themes/enfold/framework/css/conditional_load/index.html]
[23hrtowing.co.za/wp-content/themes/enfold/framework/images/layout/bg-bottom-shadow.png]
[23hrtowing.co.za/wp-content/themes/enfold/framework/images/icons/close.png]
[23hrtowing.co.za/wp-content/themes/enfold/framework/images/icons/add.png]
[23hrtowing.co.za/wp-content/themes/enfold/framework/images/icons/loading.gif]
[23hrtowing.co.za/wp-content/themes/enfold/framework/images/icons/loading_mini.gif]
[23hrtowing.co.za/wp-content/themes/enfold/framework/images/icons/success.png]
[23hrtowing.co.za/wp-content/themes/enfold/framework/images/icons/alert.png]
[23hrtowing.co.za/wp-content/themes/enfold/framework/images/layout/bg-button.png]
[23hrtowing.co.za/wp-content/themes/enfold/framework/images/layout/bg-style-wrap.png]
[23hrtowing.co.za/wp-content/themes/enfold/framework/images/layout/select.png]
[23hrtowing.co.za/wp-content/themes/enfold/framework/images/layout/bg.png]
[23hrtowing.co.za/wp-content/themes/enfold/framework/images/icons/bin_closed.png]
[23hrtowing.co.za/wp-content/themes/enfold/framework/images/layout/sort_arrow_down.png]
[23hrtowing.co.za/wp-content/themes/enfold/framework/php/avia_shortcodes/tinymce/img/icon.png]
[23hrtowing.co.za/wp-content/themes/enfold/framework/css/avia_admin.css]
[23hrtowing.co.za/wp-content/themes/enfold/framework/images/colorpicker/colorpicker_background.png]
[23hrtowing.co.za/wp-content/themes/enfold/framework/images/colorpicker/colorpicker_overlay.png]
[23hrtowing.co.za/wp-content/themes/enfold/framework/images/colorpicker/colorpicker_select.gif]
[23hrtowing.co.za/wp-content/themes/enfold/framework/images/colorpicker/colorpicker_indic.gif]
[23hrtowing.co.za/wp-content/themes/enfold/framework/images/colorpicker/colorpicker_hex.png]
[23hrtowing.co.za/wp-content/themes/enfold/framework/images/colorpicker/colorpicker_rgb_r.png]
[23hrtowing.co.za/wp-content/themes/enfold/framework/images/colorpicker/colorpicker_rgb_g.png]
[23hrtowing.co.za/wp-content/themes/enfold/framework/images/colorpicker/colorpicker_rgb_b.png]
[23hrtowing.co.za/wp-content/themes/enfold/framework/images/colorpicker/colorpicker_hsb_h.png]
[23hrtowing.co.za/wp-content/themes/enfold/framework/images/colorpicker/colorpicker_hsb_s.png]
[23hrtowing.co.za/wp-content/themes/enfold/framework/images/colorpicker/colorpicker_hsb_b.png]
[23hrtowing.co.za/wp-content/themes/enfold/framework/images/colorpicker/colorpicker_submit.png]
[23hrtowing.co.za/wp-content/themes/enfold/framework/images/colorpicker/select2.png]
[23hrtowing.co.za/wp-content/themes/enfold/framework/css/avia_colorpicker.css]
[23hrtowing.co.za/wp-content/themes/enfold/framework/images/icons/icon-trash.png]
[23hrtowing.co.za/wp-content/themes/enfold/framework/css/avia_sidebar.css]
[23hrtowing.co.za/wp-content/themes/enfold/framework/images/index9a11.html]
[23hrtowing.co.za/wp-content/themes/enfold/framework/images/index2a60.html]
[23hrtowing.co.za/wp-content/themes/enfold/framework/images/index3dd6.html]
[23hrtowing.co.za/wp-content/themes/enfold/framework/images/indexd4cd.html]
[23hrtowing.co.za/wp-content/themes/enfold/framework/images/index7dc1.html]
[23hrtowing.co.za/wp-content/themes/enfold/framework/images/colorpicker/blank.gif]
[23hrtowing.co.za/wp-content/themes/enfold/framework/images/index38f9.html]
[23hrtowing.co.za/wp-content/themes/enfold/framework/images/colorpicker/index9a11.html]
[23hrtowing.co.za/wp-content/themes/enfold/framework/images/colorpicker/index2a60.html]
[23hrtowing.co.za/_autoindex/assets/icons/image.svg]
[23hrtowing.co.za/wp-content/themes/enfold/framework/images/colorpicker/index3dd6.html]
[23hrtowing.co.za/wp-content/themes/enfold/framework/images/colorpicker/custom_background.png]
[23hrtowing.co.za/wp-content/themes/enfold/framework/images/colorpicker/custom_hex.png]
[23hrtowing.co.za/wp-content/themes/enfold/framework/images/colorpicker/custom_hsb_b.png]
[23hrtowing.co.za/wp-content/themes/enfold/framework/images/colorpicker/custom_hsb_h.png]
[23hrtowing.co.za/wp-content/themes/enfold/framework/images/colorpicker/custom_hsb_s.png]
[23hrtowing.co.za/wp-content/themes/enfold/framework/images/colorpicker/custom_indic.gif]
[23hrtowing.co.za/wp-content/themes/enfold/framework/images/colorpicker/custom_rgb_b.png]
[23hrtowing.co.za/wp-content/themes/enfold/framework/images/colorpicker/custom_rgb_g.png]
[23hrtowing.co.za/wp-content/themes/enfold/framework/images/colorpicker/custom_rgb_r.png]
[23hrtowing.co.za/wp-content/themes/enfold/framework/images/colorpicker/custom_submit.png]
[23hrtowing.co.za/wp-content/themes/enfold/framework/images/colorpicker/select.png]
[23hrtowing.co.za/wp-content/themes/enfold/framework/images/colorpicker/slider.png]
[23hrtowing.co.za/wp-content/themes/enfold/framework/images/colorpicker/index.html]
[23hrtowing.co.za/wp-content/themes/enfold/framework/images/icons/accept.png]
[23hrtowing.co.za/wp-content/themes/enfold/framework/images/icons/index9a11.html]
[23hrtowing.co.za/wp-content/themes/enfold/framework/images/icons/new/index.html]
[23hrtowing.co.za/wp-content/themes/enfold/framework/images/icons/index3dd6.html]
[23hrtowing.co.za/wp-content/themes/enfold/framework/images/icons/index2a60.html]
[23hrtowing.co.za/wp-content/themes/enfold/framework/images/icons/application_side_expand.png]
[23hrtowing.co.za/wp-content/themes/enfold/framework/images/icons/blog.png]
[23hrtowing.co.za/wp-content/themes/enfold/framework/images/icons/blueprint_horizontal.png]
[23hrtowing.co.za/wp-content/themes/enfold/framework/images/icons/book_addresses.png]
[23hrtowing.co.za/wp-content/themes/enfold/framework/images/icons/brick.png]
[23hrtowing.co.za/wp-content/themes/enfold/framework/images/icons/cart.png]
[23hrtowing.co.za/wp-content/themes/enfold/framework/images/icons/cog.png]
[23hrtowing.co.za/wp-content/themes/enfold/framework/images/icons/doc_text_image.png]
[23hrtowing.co.za/wp-content/themes/enfold/framework/images/icons/error.png]
[23hrtowing.co.za/wp-content/themes/enfold/framework/images/icons/hammer_screwdriver.png]
[23hrtowing.co.za/wp-content/themes/enfold/framework/images/icons/images.png]
[23hrtowing.co.za/wp-content/themes/enfold/framework/images/icons/import_export.png]
[23hrtowing.co.za/wp-content/themes/enfold/framework/images/icons/layout_header_footer_3_mix.png]
[23hrtowing.co.za/wp-content/themes/enfold/framework/images/icons/layout_select.png]
[23hrtowing.co.za/wp-content/themes/enfold/framework/images/icons/layout_select_footer.png]
[23hrtowing.co.za/wp-content/themes/enfold/framework/images/icons/layout_select_sidebar.png]
[23hrtowing.co.za/wp-content/themes/enfold/framework/images/icons/map.png]
[23hrtowing.co.za/wp-content/themes/enfold/framework/images/icons/page_white_wrench.png]
[23hrtowing.co.za/wp-content/themes/enfold/framework/images/icons/paintbrush.png]
[23hrtowing.co.za/wp-content/themes/enfold/framework/images/icons/paintcan.png]
[23hrtowing.co.za/wp-content/themes/enfold/framework/images/icons/palette.png]
[23hrtowing.co.za/wp-content/themes/enfold/framework/images/icons/photo_album.png]
[23hrtowing.co.za/wp-content/themes/enfold/framework/images/icons/readme.txt]
[23hrtowing.co.za/wp-content/themes/enfold/framework/images/icons/search.png]
[23hrtowing.co.za/wp-content/themes/enfold/framework/images/icons/social_facebook.png]
[23hrtowing.co.za/wp-content/themes/enfold/framework/images/icons/social_flickr.png]
[23hrtowing.co.za/wp-content/themes/enfold/framework/images/icons/social_twitter.png]
[23hrtowing.co.za/wp-content/themes/enfold/framework/images/icons/update.png]
[23hrtowing.co.za/wp-content/themes/enfold/framework/images/icons/user.png]
[23hrtowing.co.za/wp-content/themes/enfold/framework/images/icons/video.png]
[23hrtowing.co.za/wp-content/themes/enfold/framework/images/icons/video_insert_image.png]
[23hrtowing.co.za/wp-content/themes/enfold/framework/images/icons/wand.png]
[23hrtowing.co.za/wp-content/themes/enfold/framework/images/icons/index.html]
[23hrtowing.co.za/wp-content/themes/enfold/framework/images/layout/arrow.png]
[23hrtowing.co.za/wp-content/themes/enfold/framework/images/layout/index9a11.html]
[23hrtowing.co.za/wp-content/themes/enfold/framework/images/layout/index2a60.html]
[23hrtowing.co.za/wp-content/themes/enfold/framework/images/layout/index3dd6.html]
[23hrtowing.co.za/wp-content/themes/enfold/framework/images/layout/diagonal-bold-light.png]
[23hrtowing.co.za/wp-content/themes/enfold/framework/images/layout/find_api.jpg]
[23hrtowing.co.za/wp-content/themes/enfold/framework/images/layout/FIND_API.jpg]
[23hrtowing.co.za/wp-content/themes/enfold/framework/images/layout/gray-grad.png]
[23hrtowing.co.za/wp-content/themes/enfold/framework/images/layout/menu-bits.gif]
[23hrtowing.co.za/wp-content/themes/enfold/framework/images/layout/select_colorpicker.png]
[23hrtowing.co.za/wp-content/themes/enfold/framework/images/layout/transparency.png]
[23hrtowing.co.za/wp-content/themes/enfold/framework/images/layout/index.html]
[23hrtowing.co.za/wp-content/themes/enfold/framework/images/misc/grecaptcha-check-dark-compact.png]
[23hrtowing.co.za/wp-content/themes/enfold/framework/images/misc/index9a11.html]
[23hrtowing.co.za/wp-content/themes/enfold/framework/images/misc/index2a60.html]
[23hrtowing.co.za/wp-content/themes/enfold/framework/images/misc/index3dd6.html]
[23hrtowing.co.za/wp-content/themes/enfold/framework/images/misc/grecaptcha-check-dark-normal.png]
[23hrtowing.co.za/wp-content/themes/enfold/framework/images/misc/grecaptcha-check-light-compact.png]
[23hrtowing.co.za/wp-content/themes/enfold/framework/images/misc/grecaptcha-check-light-normal.png]
[23hrtowing.co.za/wp-content/themes/enfold/framework/images/misc/index.html]
[23hrtowing.co.za/wp-content/themes/enfold/framework/js/index9a11.html]
[23hrtowing.co.za/wp-content/themes/enfold/framework/js/index2a60.html]
[23hrtowing.co.za/wp-content/themes/enfold/framework/js/index3dd6.html]
[23hrtowing.co.za/wp-content/themes/enfold/framework/js/indexd4cd.html]
[23hrtowing.co.za/wp-content/themes/enfold/framework/js/index7dc1.html]
[23hrtowing.co.za/wp-content/themes/enfold/framework/js/index38f9.html]
[23hrtowing.co.za/wp-content/themes/enfold/framework/js/conditional_load/avia_conditional_mega_menu.js]
[23hrtowing.co.za/wp-content/themes/enfold/framework/js/conditional_load/index9a11.html]
[23hrtowing.co.za/wp-content/themes/enfold/framework/js/conditional_load/index2a60.html]
[23hrtowing.co.za/wp-content/themes/enfold/framework/js/conditional_load/index3dd6.html]
[23hrtowing.co.za/wp-content/themes/enfold/framework/js/conditional_load/avia_facebook_front.js]
[23hrtowing.co.za/wp-content/themes/enfold/framework/js/conditional_load/avia_google_maps_api.js]
[23hrtowing.co.za/wp-content/themes/enfold/framework/js/conditional_load/avia_google_maps_front.js]
[23hrtowing.co.za/wp-content/themes/enfold/framework/js/conditional_load/avia_google_maps_widget_admin.js]
[23hrtowing.co.za/wp-content/themes/enfold/framework/js/conditional_load/avia_google_recaptcha_api.js]
[23hrtowing.co.za/wp-content/themes/enfold/framework/js/conditional_load/avia_google_recaptcha_front.js]
[23hrtowing.co.za/wp-content/themes/enfold/framework/js/conditional_load/index.html]
[23hrtowing.co.za/wp-content/themes/enfold/framework/php/index9a11.html]
[23hrtowing.co.za/wp-content/themes/enfold/framework/php/index2a60.html]
[23hrtowing.co.za/wp-content/themes/enfold/framework/php/index3dd6.html]
[23hrtowing.co.za/wp-content/themes/enfold/framework/php/indexd4cd.html]
[23hrtowing.co.za/wp-content/themes/enfold/framework/php/index7dc1.html]
[23hrtowing.co.za/wp-content/themes/enfold/framework/php/auto-updates/index9a11.html]
[23hrtowing.co.za/wp-content/themes/enfold/framework/php/auto-updates/index2a60.html]
[23hrtowing.co.za/wp-content/themes/enfold/framework/php/auto-updates/index3dd6.html]
[23hrtowing.co.za/wp-content/themes/enfold/framework/php/index38f9.html]
[23hrtowing.co.za/wp-content/themes/enfold/framework/php/auto-updates/index.html]
[23hrtowing.co.za/wp-content/themes/enfold/framework/php/avia_shortcodes/index9a11.html]
[23hrtowing.co.za/wp-content/themes/enfold/framework/php/avia_shortcodes/index2a60.html]
[23hrtowing.co.za/wp-content/themes/enfold/framework/php/avia_shortcodes/css/index.html]
[23hrtowing.co.za/wp-content/themes/enfold/framework/php/avia_shortcodes/index3dd6.html]
[23hrtowing.co.za/wp-content/themes/enfold/framework/php/avia_shortcodes/img/index.html]
[23hrtowing.co.za/wp-content/themes/enfold/framework/php/avia_shortcodes/shortcodes.html]
[23hrtowing.co.za/wp-content/themes/enfold/framework/php/avia_shortcodes/sc/index.html]
[23hrtowing.co.za/wp-content/themes/enfold/framework/php/avia_shortcodes/tinymce/index.html]
[23hrtowing.co.za/wp-content/themes/enfold/framework/php/avia_shortcodes/index.html]
[23hrtowing.co.za/wp-content/themes/enfold/framework/php/font-management/index9a11.html]
[23hrtowing.co.za/wp-content/themes/enfold/framework/php/font-management/index2a60.html]
[23hrtowing.co.za/wp-content/themes/enfold/framework/php/font-management/index3dd6.html]
[23hrtowing.co.za/wp-content/themes/enfold/framework/php/font-management/index.html]
[23hrtowing.co.za/wp-content/themes/enfold/framework/php/wordpress-importer/avia-export-class.html]
[23hrtowing.co.za/wp-content/themes/enfold/framework/php/wordpress-importer/index9a11.html]
[23hrtowing.co.za/wp-content/themes/enfold/framework/php/wordpress-importer/index2a60.html]
[23hrtowing.co.za/wp-content/themes/enfold/framework/php/wordpress-importer/index3dd6.html]
[23hrtowing.co.za/wp-content/themes/enfold/framework/php/wordpress-importer/avia-import-class.html]
[23hrtowing.co.za/wp-content/themes/enfold/framework/php/wordpress-importer/index.html]
[23hrtowing.co.za/wp-content/themes/enfold/framework/php/class-adminpages.html]
[23hrtowing.co.za/wp-content/themes/enfold/framework/php/class-breadcrumb.html]
[23hrtowing.co.za/wp-content/themes/enfold/framework/php/class-database-option-sets.html]
[23hrtowing.co.za/wp-content/themes/enfold/framework/php/class-form-generator.html]
[23hrtowing.co.za/wp-content/themes/enfold/framework/php/class-framework-widgets.html]
[23hrtowing.co.za/wp-content/themes/enfold/framework/php/class-gmaps.html]
[23hrtowing.co.za/wp-content/themes/enfold/framework/php/class-grecaptcha.html]
[23hrtowing.co.za/wp-content/themes/enfold/framework/php/class-htmlhelper.html]
[23hrtowing.co.za/wp-content/themes/enfold/framework/php/class-media.html]
[23hrtowing.co.za/wp-content/themes/enfold/framework/php/class-megamenu.html]
[23hrtowing.co.za/wp-content/themes/enfold/framework/php/class-metabox.html]
[23hrtowing.co.za/wp-content/themes/enfold/framework/php/class-queryfilter.html]
[23hrtowing.co.za/wp-content/themes/enfold/framework/php/class-sidebar-generator.html]
[23hrtowing.co.za/wp-content/themes/enfold/framework/php/class-style-generator.html]
[23hrtowing.co.za/wp-content/themes/enfold/framework/php/class-superobject.html]
[23hrtowing.co.za/wp-content/themes/enfold/framework/php/class-update-notifier.html]
[23hrtowing.co.za/wp-content/themes/enfold/framework/php/error_log.html]
[23hrtowing.co.za/wp-content/themes/enfold/framework/php/function-set-avia-ajax.html]
[23hrtowing.co.za/wp-content/themes/enfold/framework/php/function-set-avia-backend.html]
[23hrtowing.co.za/wp-content/themes/enfold/framework/php/function-set-avia-frontend.html]
[23hrtowing.co.za/wp-content/themes/enfold/framework/css/indexd4cd.html]
[23hrtowing.co.za/wp-content/themes/enfold/framework/css/index7dc1.html]
[23hrtowing.co.za/wp-content/themes/enfold/framework/css/index38f9.html]
[23hrtowing.co.za/wp-content/themes/enfold/framework/css/conditional_load/index9a11.html]
[23hrtowing.co.za/wp-content/themes/enfold/framework/css/conditional_load/index2a60.html]
[23hrtowing.co.za/wp-content/themes/enfold/framework/css/conditional_load/index3dd6.html]
[23hrtowing.co.za/wp-content/themes/enfold/framework/css/conditional_load/avia_admin_modern.css]
[23hrtowing.co.za/wp-content/themes/enfold/framework/css/conditional_load/avia_gallery_mode.css]
[23hrtowing.co.za/wp-content/themes/enfold/framework/css/conditional_load/avia_global_admin.css]
[23hrtowing.co.za/wp-content/themes/enfold/framework/images/indexd4cd.html]
[23hrtowing.co.za/wp-content/themes/enfold/framework/images/index7dc1.html]
[23hrtowing.co.za/wp-content/themes/enfold/framework/images/index38f9.html]
[23hrtowing.co.za/wp-content/themes/enfold/framework/images/colorpicker/index9a11.html]
[23hrtowing.co.za/wp-content/themes/enfold/framework/css/conditional_load/indexd4cd.html]
[23hrtowing.co.za/wp-content/themes/enfold/framework/css/conditional_load/index7dc1.html]
[23hrtowing.co.za/wp-content/themes/enfold/framework/css/conditional_load/index38f9.html]
[23hrtowing.co.za/wp-content/themes/enfold/framework/images/colorpicker/index2a60.html]
[23hrtowing.co.za/wp-content/themes/enfold/framework/images/colorpicker/index3dd6.html]
[23hrtowing.co.za/_autoindex/assets/icons/image.svg]
[23hrtowing.co.za/wp-content/themes/enfold/framework/images/icons/index9a11.html]
[23hrtowing.co.za/wp-content/themes/enfold/framework/images/colorpicker/indexd4cd.html]
[23hrtowing.co.za/wp-content/themes/enfold/framework/images/icons/index2a60.html]
[23hrtowing.co.za/wp-content/themes/enfold/framework/images/colorpicker/index38f9.html]
[23hrtowing.co.za/wp-content/themes/enfold/framework/images/icons/index3dd6.html]
[23hrtowing.co.za/wp-content/themes/enfold/framework/images/colorpicker/index7dc1.html]
[23hrtowing.co.za/wp-content/themes/enfold/framework/images/icons/indexd4cd.html]
[23hrtowing.co.za/wp-content/themes/enfold/framework/images/icons/index38f9.html]
[23hrtowing.co.za/wp-content/themes/enfold/framework/images/icons/index7dc1.html]
[23hrtowing.co.za/wp-content/themes/enfold/framework/images/icons/new/arrow-repeat-two-7@3x.png]
[23hrtowing.co.za/wp-content/themes/enfold/framework/images/icons/new/index9a11.html]
[23hrtowing.co.za/wp-content/themes/enfold/framework/images/icons/new/index2a60.html]
[23hrtowing.co.za/wp-content/themes/enfold/framework/images/icons/new/index3dd6.html]
[23hrtowing.co.za/wp-content/themes/enfold/framework/images/icons/new/circle-user-7@3x.png]
[23hrtowing.co.za/wp-content/themes/enfold/framework/images/icons/new/color-palette-7@3x.png]
[23hrtowing.co.za/wp-content/themes/enfold/framework/images/icons/new/connect-arrow-up-down-7@3x.png]
[23hrtowing.co.za/wp-content/themes/enfold/framework/images/icons/new/cookie-7@3x.png]
[23hrtowing.co.za/wp-content/themes/enfold/framework/images/icons/new/custom-menu@3x.png]
[23hrtowing.co.za/wp-content/themes/enfold/framework/images/icons/new/folder-download-7@3x.png]
[23hrtowing.co.za/wp-content/themes/enfold/framework/images/icons/new/layout-arrange-02-7@3x.png]
[23hrtowing.co.za/wp-content/themes/enfold/framework/images/icons/new/layout-arrange-13-7@3x.png]
[23hrtowing.co.za/wp-content/themes/enfold/framework/images/icons/new/layout-reverse@3x.png]
[23hrtowing.co.za/wp-content/themes/enfold/framework/images/icons/new/magic-wand-7@3x.png]
[23hrtowing.co.za/wp-content/themes/enfold/framework/images/icons/new/newspaper-7@3x.png]
[23hrtowing.co.za/wp-content/themes/enfold/framework/images/icons/new/note-write-7@3x.png]
[23hrtowing.co.za/wp-content/themes/enfold/framework/images/icons/new/paper-map-7@3x.png]
[23hrtowing.co.za/wp-content/themes/enfold/framework/images/icons/new/performance-7@3x.png]
[23hrtowing.co.za/wp-content/themes/enfold/framework/images/icons/new/shopping-cart-7@3x.png]
[23hrtowing.co.za/wp-content/themes/enfold/framework/images/icons/new/spanner-screwdriver-7@3x.png]
[23hrtowing.co.za/wp-content/themes/enfold/framework/images/icons/new/window-7@3x.png]
[23hrtowing.co.za/wp-content/themes/enfold/framework/images/icons/new/window-three-7@3x.png]
[23hrtowing.co.za/wp-content/themes/enfold/framework/images/icons/new/window-up-7@3x.png]
[23hrtowing.co.za/wp-content/themes/enfold/framework/images/icons/new/window-within-7@3x.png]
[23hrtowing.co.za/wp-content/themes/enfold/framework/images/icons/new/index.html]
[23hrtowing.co.za/wp-content/themes/enfold/framework/images/layout/index9a11.html]
[23hrtowing.co.za/wp-content/themes/enfold/framework/images/layout/index2a60.html]
[23hrtowing.co.za/wp-content/themes/enfold/framework/images/layout/index3dd6.html]
[23hrtowing.co.za/wp-content/themes/enfold/framework/images/layout/find_api.html]
[23hrtowing.co.za/wp-content/themes/enfold/framework/images/misc/index9a11.html]
[23hrtowing.co.za/wp-content/themes/enfold/framework/images/layout/indexd4cd.html]
[23hrtowing.co.za/wp-content/themes/enfold/framework/images/layout/index7dc1.html]
[23hrtowing.co.za/wp-content/themes/enfold/framework/images/layout/index38f9.html]
[23hrtowing.co.za/wp-content/themes/enfold/framework/images/misc/indexd4cd.html]
[23hrtowing.co.za/wp-content/themes/enfold/framework/images/misc/index2a60.html]
[23hrtowing.co.za/wp-content/themes/enfold/framework/images/misc/index3dd6.html]
[23hrtowing.co.za/wp-content/themes/enfold/framework/js/indexd4cd.html]
[23hrtowing.co.za/wp-content/themes/enfold/framework/js/index7dc1.html]
[23hrtowing.co.za/wp-content/themes/enfold/framework/js/index38f9.html]
[23hrtowing.co.za/wp-content/themes/enfold/framework/js/conditional_load/index9a11.html]
[23hrtowing.co.za/wp-content/themes/enfold/framework/js/conditional_load/index2a60.html]
[23hrtowing.co.za/wp-content/themes/enfold/framework/images/misc/index38f9.html]
[23hrtowing.co.za/wp-content/themes/enfold/framework/js/conditional_load/indexd4cd.html]
[23hrtowing.co.za/wp-content/themes/enfold/framework/images/misc/index7dc1.html]
[23hrtowing.co.za/wp-content/themes/enfold/framework/js/conditional_load/index7dc1.html]
[23hrtowing.co.za/wp-content/themes/enfold/framework/js/conditional_load/index3dd6.html]
[23hrtowing.co.za/wp-content/themes/enfold/framework/php/indexd4cd.html]
[23hrtowing.co.za/wp-content/themes/enfold/framework/php/index7dc1.html]
[23hrtowing.co.za/wp-content/themes/enfold/framework/php/index38f9.html]
[23hrtowing.co.za/wp-content/themes/enfold/framework/php/auto-updates/index9a11.html]
[23hrtowing.co.za/wp-content/themes/enfold/framework/php/auto-updates/index2a60.html]
[23hrtowing.co.za/wp-content/themes/enfold/framework/php/auto-updates/index3dd6.html]
[23hrtowing.co.za/wp-content/themes/enfold/framework/js/conditional_load/index38f9.html]
[23hrtowing.co.za/wp-content/themes/enfold/framework/php/auto-updates/indexd4cd.html]
[23hrtowing.co.za/wp-content/themes/enfold/framework/php/auto-updates/index7dc1.html]
[23hrtowing.co.za/wp-content/themes/enfold/framework/php/auto-updates/auto-updates.html]
[23hrtowing.co.za/wp-content/themes/enfold/framework/php/auto-updates/class-avia-envato-base-api.html]
[23hrtowing.co.za/wp-content/themes/enfold/framework/php/auto-updates/class-avia-theme-updater.html]
[23hrtowing.co.za/wp-content/themes/enfold/framework/php/auto-updates/class-envato-protected-api.html]
[23hrtowing.co.za/wp-content/themes/enfold/framework/php/auto-updates/class-pixelentity-theme-update.html]
[23hrtowing.co.za/wp-content/themes/enfold/framework/php/auto-updates/index38f9.html]
[23hrtowing.co.za/wp-content/themes/enfold/framework/php/avia_shortcodes/index9a11.html]
[23hrtowing.co.za/wp-content/themes/enfold/framework/php/avia_shortcodes/index2a60.html]
[23hrtowing.co.za/wp-content/themes/enfold/framework/php/avia_shortcodes/index3dd6.html]
[23hrtowing.co.za/wp-content/themes/enfold/framework/php/avia_shortcodes/indexd4cd.html]
[23hrtowing.co.za/wp-content/themes/enfold/framework/php/avia_shortcodes/index7dc1.html]
[23hrtowing.co.za/wp-content/themes/enfold/framework/php/avia_shortcodes/index38f9.html]
[23hrtowing.co.za/wp-content/themes/enfold/framework/php/avia_shortcodes/css/styles.css]
[23hrtowing.co.za/wp-content/themes/enfold/framework/php/avia_shortcodes/css/index.html]
[23hrtowing.co.za/wp-content/themes/enfold/framework/php/avia_shortcodes/css/index9a11.html]
[23hrtowing.co.za/wp-content/themes/enfold/framework/php/avia_shortcodes/css/index2a60.html]
[23hrtowing.co.za/wp-content/themes/enfold/framework/php/avia_shortcodes/css/index3dd6.html]
[23hrtowing.co.za/wp-content/themes/enfold/framework/php/avia_shortcodes/img/checkmark.gif]
[23hrtowing.co.za/wp-content/themes/enfold/framework/php/avia_shortcodes/img/index9a11.html]
[23hrtowing.co.za/wp-content/themes/enfold/framework/php/avia_shortcodes/img/index2a60.html]
[23hrtowing.co.za/wp-content/themes/enfold/framework/php/avia_shortcodes/img/index3dd6.html]
[23hrtowing.co.za/wp-content/themes/enfold/framework/php/avia_shortcodes/img/globe-preloader.gif]
[23hrtowing.co.za/wp-content/themes/enfold/framework/php/avia_shortcodes/img/preloader.gif]
[23hrtowing.co.za/wp-content/themes/enfold/framework/php/avia_shortcodes/img/x.gif]
[23hrtowing.co.za/wp-content/themes/enfold/framework/php/avia_shortcodes/img/index.html]
[23hrtowing.co.za/wp-content/themes/enfold/framework/php/avia_shortcodes/sc/big_box.js]
[23hrtowing.co.za/wp-content/themes/enfold/framework/php/avia_shortcodes/sc/index9a11.html]
[23hrtowing.co.za/wp-content/themes/enfold/framework/php/avia_shortcodes/sc/index2a60.html]
[23hrtowing.co.za/wp-content/themes/enfold/framework/php/avia_shortcodes/sc/index3dd6.html]
[23hrtowing.co.za/wp-content/themes/enfold/framework/php/avia_shortcodes/sc/box.js]
[23hrtowing.co.za/wp-content/themes/enfold/framework/php/avia_shortcodes/sc/button.js]
[23hrtowing.co.za/wp-content/themes/enfold/framework/php/avia_shortcodes/sc/column.js]
[23hrtowing.co.za/wp-content/themes/enfold/framework/php/avia_shortcodes/sc/digg.js]
[23hrtowing.co.za/wp-content/themes/enfold/framework/php/avia_shortcodes/sc/fblike.js]
[23hrtowing.co.za/wp-content/themes/enfold/framework/php/avia_shortcodes/sc/iconbox.js]
[23hrtowing.co.za/wp-content/themes/enfold/framework/php/avia_shortcodes/sc/iconbox_top.js]
[23hrtowing.co.za/wp-content/themes/enfold/framework/php/avia_shortcodes/sc/ilink.js]
[23hrtowing.co.za/wp-content/themes/enfold/framework/php/avia_shortcodes/sc/latest_portfolio.js]
[23hrtowing.co.za/wp-content/themes/enfold/framework/php/avia_shortcodes/sc/latest_posts.js]
[23hrtowing.co.za/wp-content/themes/enfold/framework/php/avia_shortcodes/sc/latest_tweets.js]
[23hrtowing.co.za/wp-content/themes/enfold/framework/php/avia_shortcodes/sc/quote.js]
[23hrtowing.co.za/wp-content/themes/enfold/framework/php/avia_shortcodes/sc/related.js]
[23hrtowing.co.za/wp-content/themes/enfold/framework/php/avia_shortcodes/sc/sidebar_tabs.js]
[23hrtowing.co.za/wp-content/themes/enfold/framework/php/avia_shortcodes/sc/slider.js]
[23hrtowing.co.za/wp-content/themes/enfold/framework/php/avia_shortcodes/sc/tab.js]
[23hrtowing.co.za/wp-content/themes/enfold/framework/php/avia_shortcodes/sc/table.js]
[23hrtowing.co.za/wp-content/themes/enfold/framework/php/avia_shortcodes/sc/toggle.js]
[23hrtowing.co.za/wp-content/themes/enfold/framework/php/avia_shortcodes/sc/tweetmeme.js]
[23hrtowing.co.za/wp-content/themes/enfold/framework/php/avia_shortcodes/sc/twitter.js]
[23hrtowing.co.za/wp-content/themes/enfold/framework/php/avia_shortcodes/sc/index.html]
[23hrtowing.co.za/wp-content/themes/enfold/framework/php/avia_shortcodes/tinymce/index9a11.html]
[23hrtowing.co.za/wp-content/themes/enfold/framework/php/avia_shortcodes/tinymce/index2a60.html]
[23hrtowing.co.za/wp-content/themes/enfold/framework/php/avia_shortcodes/tinymce/index3dd6.html]
[23hrtowing.co.za/wp-content/themes/enfold/framework/php/avia_shortcodes/tinymce/img/index.html]
[23hrtowing.co.za/wp-content/themes/enfold/framework/php/avia_shortcodes/tinymce/editor_plugin.js]
[23hrtowing.co.za/wp-content/themes/enfold/framework/php/avia_shortcodes/tinymce/js/index.html]
[23hrtowing.co.za/wp-content/themes/enfold/framework/php/avia_shortcodes/tinymce/editor_plugin_3.js]
[23hrtowing.co.za/wp-content/themes/enfold/framework/php/avia_shortcodes/tinymce/index.html]
[23hrtowing.co.za/wp-content/themes/enfold/framework/php/avia_shortcodes/av-prev.html]
[23hrtowing.co.za/wp-content/themes/enfold/framework/php/avia_shortcodes/shortcodes.html]
[23hrtowing.co.za/wp-content/themes/enfold/framework/php/font-management/index9a11.html]
[23hrtowing.co.za/wp-content/themes/enfold/framework/php/font-management/index2a60.html]
[23hrtowing.co.za/wp-content/themes/enfold/framework/php/font-management/index3dd6.html]
[23hrtowing.co.za/wp-content/themes/enfold/framework/php/font-management/class-avia-font-management-base.html]
[23hrtowing.co.za/wp-content/themes/enfold/framework/php/font-management/class-avia-icon-fonts.html]
[23hrtowing.co.za/wp-content/themes/enfold/framework/php/font-management/class-avia-type-fonts.html]
[23hrtowing.co.za/wp-content/themes/enfold/framework/php/wordpress-importer/index9a11.html]
[23hrtowing.co.za/wp-content/themes/enfold/framework/php/font-management/index7dc1.html]
[23hrtowing.co.za/wp-content/themes/enfold/framework/php/font-management/index38f9.html]
[23hrtowing.co.za/wp-content/themes/enfold/framework/php/font-management/indexd4cd.html]
[23hrtowing.co.za/wp-content/themes/enfold/framework/php/wordpress-importer/indexd4cd.html]
[23hrtowing.co.za/wp-content/themes/enfold/framework/php/wordpress-importer/index2a60.html]
[23hrtowing.co.za/wp-content/themes/enfold/framework/php/wordpress-importer/index3dd6.html]
[23hrtowing.co.za/wp-content/themes/enfold/framework/php/wordpress-importer/avia-export-class.html]
[23hrtowing.co.za/wp-content/themes/enfold/framework/php/wordpress-importer/avia-import-class.html]
[23hrtowing.co.za/wp-content/themes/enfold/framework/php/wordpress-importer/parsers.html]
[23hrtowing.co.za/wp-content/themes/enfold/framework/php/wordpress-importer/wordpress-importer.html]
[23hrtowing.co.za/wp-content/themes/enfold/framework/avia_framework.html]
[23hrtowing.co.za/wp-content/themes/enfold/framework/php/wordpress-importer/index38f9.html]
[23hrtowing.co.za/wp-content/themes/enfold/framework/php/wordpress-importer/index7dc1.html]
[23hrtowing.co.za/wp-content/themes/enfold/framework/css/conditional_load/indexd4cd.html]
[23hrtowing.co.za/wp-content/themes/enfold/framework/css/conditional_load/index7dc1.html]
[23hrtowing.co.za/wp-content/themes/enfold/framework/css/conditional_load/index38f9.html]
[23hrtowing.co.za/wp-content/themes/enfold/framework/images/colorpicker/indexd4cd.html]
[23hrtowing.co.za/wp-content/themes/enfold/framework/images/colorpicker/index7dc1.html]
[23hrtowing.co.za/wp-content/themes/enfold/framework/images/colorpicker/index38f9.html]
[23hrtowing.co.za/wp-content/themes/enfold/framework/images/icons/indexd4cd.html]
[23hrtowing.co.za/wp-content/themes/enfold/framework/images/icons/index7dc1.html]
[23hrtowing.co.za/wp-content/themes/enfold/framework/images/icons/index38f9.html]
[23hrtowing.co.za/wp-content/themes/enfold/framework/images/icons/new/index9a11.html]
[23hrtowing.co.za/wp-content/themes/enfold/framework/images/icons/new/index2a60.html]
[23hrtowing.co.za/wp-content/themes/enfold/framework/images/icons/new/index3dd6.html]
[23hrtowing.co.za/wp-content/themes/enfold/framework/images/layout/indexd4cd.html]
[23hrtowing.co.za/wp-content/themes/enfold/framework/images/layout/index7dc1.html]
[23hrtowing.co.za/wp-content/themes/enfold/framework/images/layout/index38f9.html]
[23hrtowing.co.za/wp-content/themes/enfold/framework/images/misc/indexd4cd.html]
[23hrtowing.co.za/wp-content/themes/enfold/framework/images/misc/index7dc1.html]
[23hrtowing.co.za/wp-content/themes/enfold/framework/images/misc/index38f9.html]
[23hrtowing.co.za/wp-content/themes/enfold/framework/js/conditional_load/indexd4cd.html]
[23hrtowing.co.za/wp-content/themes/enfold/framework/js/conditional_load/index7dc1.html]
[23hrtowing.co.za/wp-content/themes/enfold/framework/js/conditional_load/index38f9.html]
[23hrtowing.co.za/wp-content/themes/enfold/framework/php/auto-updates/indexd4cd.html]
[23hrtowing.co.za/wp-content/themes/enfold/framework/php/auto-updates/index7dc1.html]
[23hrtowing.co.za/wp-content/themes/enfold/framework/php/auto-updates/index38f9.html]
[23hrtowing.co.za/wp-content/themes/enfold/framework/php/avia_shortcodes/indexd4cd.html]
[23hrtowing.co.za/wp-content/themes/enfold/framework/php/avia_shortcodes/index7dc1.html]
[23hrtowing.co.za/wp-content/themes/enfold/framework/php/avia_shortcodes/index38f9.html]
[23hrtowing.co.za/wp-content/themes/enfold/framework/php/avia_shortcodes/css/index9a11.html]
[23hrtowing.co.za/wp-content/themes/enfold/framework/images/icons/new/index7dc1.html]
[23hrtowing.co.za/wp-content/themes/enfold/framework/images/icons/new/indexd4cd.html]
[23hrtowing.co.za/wp-content/themes/enfold/framework/images/icons/new/index38f9.html]
[23hrtowing.co.za/wp-content/themes/enfold/framework/php/avia_shortcodes/css/indexd4cd.html]
[23hrtowing.co.za/wp-content/themes/enfold/framework/php/avia_shortcodes/css/index2a60.html]
[23hrtowing.co.za/wp-content/themes/enfold/framework/php/avia_shortcodes/css/index3dd6.html]
[23hrtowing.co.za/wp-content/themes/enfold/framework/php/avia_shortcodes/css/styles.css]
[23hrtowing.co.za/wp-content/themes/enfold/framework/php/avia_shortcodes/img/index9a11.html]
[23hrtowing.co.za/wp-content/themes/enfold/framework/php/avia_shortcodes/img/index2a60.html]
[23hrtowing.co.za/wp-content/themes/enfold/framework/php/avia_shortcodes/css/index7dc1.html]
[23hrtowing.co.za/wp-content/themes/enfold/framework/php/avia_shortcodes/css/index38f9.html]
[23hrtowing.co.za/wp-content/themes/enfold/framework/php/avia_shortcodes/img/indexd4cd.html]
[23hrtowing.co.za/wp-content/themes/enfold/framework/php/avia_shortcodes/img/index7dc1.html]
[23hrtowing.co.za/wp-content/themes/enfold/framework/php/avia_shortcodes/img/index3dd6.html]
[23hrtowing.co.za/wp-content/themes/enfold/framework/php/avia_shortcodes/sc/index9a11.html]
[23hrtowing.co.za/wp-content/themes/enfold/framework/php/avia_shortcodes/sc/index2a60.html]
[23hrtowing.co.za/wp-content/themes/enfold/framework/php/avia_shortcodes/sc/index3dd6.html]
[23hrtowing.co.za/wp-content/themes/enfold/framework/php/avia_shortcodes/img/index38f9.html]
[23hrtowing.co.za/wp-content/themes/enfold/framework/php/avia_shortcodes/sc/indexd4cd.html]
[23hrtowing.co.za/wp-content/themes/enfold/framework/php/avia_shortcodes/sc/index7dc1.html]
[23hrtowing.co.za/wp-content/themes/enfold/framework/php/avia_shortcodes/sc/index38f9.html]
[23hrtowing.co.za/wp-content/themes/enfold/framework/php/avia_shortcodes/tinymce/index9a11.html]
[23hrtowing.co.za/wp-content/themes/enfold/framework/php/avia_shortcodes/tinymce/index2a60.html]
[23hrtowing.co.za/wp-content/themes/enfold/framework/php/avia_shortcodes/tinymce/index3dd6.html]
[23hrtowing.co.za/wp-content/themes/enfold/framework/php/avia_shortcodes/tinymce/img/index.html]
[23hrtowing.co.za/wp-content/themes/enfold/framework/php/avia_shortcodes/tinymce/img/index9a11.html]
[23hrtowing.co.za/wp-content/themes/enfold/framework/php/avia_shortcodes/tinymce/indexd4cd.html]
[23hrtowing.co.za/wp-content/themes/enfold/framework/php/avia_shortcodes/tinymce/index7dc1.html]
[23hrtowing.co.za/wp-content/themes/enfold/framework/php/avia_shortcodes/tinymce/index38f9.html]
[23hrtowing.co.za/wp-content/themes/enfold/framework/php/avia_shortcodes/tinymce/img/index2a60.html]
[23hrtowing.co.za/wp-content/themes/enfold/framework/php/avia_shortcodes/tinymce/img/index3dd6.html]
[23hrtowing.co.za/wp-content/themes/enfold/framework/php/avia_shortcodes/tinymce/js/column-control.js]
[23hrtowing.co.za/wp-content/themes/enfold/framework/php/avia_shortcodes/tinymce/js/index9a11.html]
[23hrtowing.co.za/wp-content/themes/enfold/framework/php/avia_shortcodes/tinymce/js/index2a60.html]
[23hrtowing.co.za/wp-content/themes/enfold/framework/php/avia_shortcodes/tinymce/js/index3dd6.html]
[23hrtowing.co.za/wp-content/themes/enfold/framework/php/avia_shortcodes/tinymce/js/dialog.js]
[23hrtowing.co.za/wp-content/themes/enfold/framework/php/avia_shortcodes/tinymce/js/sidebar-tab-control.js]
[23hrtowing.co.za/wp-content/themes/enfold/framework/php/avia_shortcodes/tinymce/js/tab-control.js]
[23hrtowing.co.za/wp-content/themes/enfold/framework/php/avia_shortcodes/tinymce/js/index.html]
[23hrtowing.co.za/wp-content/themes/enfold/framework/php/avia_shortcodes/tinymce/dialog.html]
[23hrtowing.co.za/wp-content/themes/enfold/framework/php/font-management/indexd4cd.html]
[23hrtowing.co.za/wp-content/themes/enfold/framework/php/font-management/index7dc1.html]
[23hrtowing.co.za/wp-content/themes/enfold/framework/php/font-management/index38f9.html]
[23hrtowing.co.za/wp-content/themes/enfold/framework/php/wordpress-importer/indexd4cd.html]
[23hrtowing.co.za/wp-content/themes/enfold/framework/php/wordpress-importer/index7dc1.html]
[23hrtowing.co.za/wp-content/themes/enfold/framework/php/wordpress-importer/index38f9.html]
[23hrtowing.co.za/wp-content/themes/enfold/framework/php/class-tgm-plugin-activation.html]
[23hrtowing.co.za/wp-content/themes/enfold/framework/php/inc-autoconfig.html]
[23hrtowing.co.za/wp-content/themes/enfold/framework/php/inc-avia-importer.html]
[23hrtowing.co.za/wp-content/themes/enfold/framework/images/icons/new/indexd4cd.html]
[23hrtowing.co.za/wp-content/themes/enfold/framework/images/icons/new/index7dc1.html]
[23hrtowing.co.za/wp-content/themes/enfold/framework/images/icons/new/index38f9.html]
[23hrtowing.co.za/wp-content/themes/enfold/framework/php/avia_shortcodes/css/indexd4cd.html]
[23hrtowing.co.za/wp-content/themes/enfold/framework/php/avia_shortcodes/css/index7dc1.html]
[23hrtowing.co.za/wp-content/themes/enfold/framework/php/avia_shortcodes/css/index38f9.html]
[23hrtowing.co.za/wp-content/themes/enfold/framework/php/avia_shortcodes/img/indexd4cd.html]
[23hrtowing.co.za/wp-content/themes/enfold/framework/php/avia_shortcodes/img/index7dc1.html]
[23hrtowing.co.za/wp-content/themes/enfold/framework/php/avia_shortcodes/img/index38f9.html]
[23hrtowing.co.za/wp-content/themes/enfold/framework/php/avia_shortcodes/sc/indexd4cd.html]
[23hrtowing.co.za/wp-content/themes/enfold/framework/php/avia_shortcodes/sc/index7dc1.html]
[23hrtowing.co.za/wp-content/themes/enfold/framework/php/avia_shortcodes/sc/index38f9.html]
[23hrtowing.co.za/wp-content/themes/enfold/framework/php/avia_shortcodes/tinymce/indexd4cd.html]
[23hrtowing.co.za/wp-content/themes/enfold/framework/php/avia_shortcodes/tinymce/index7dc1.html]
[23hrtowing.co.za/wp-content/themes/enfold/framework/php/avia_shortcodes/tinymce/index38f9.html]
[23hrtowing.co.za/wp-content/themes/enfold/framework/php/avia_shortcodes/tinymce/img/index9a11.html]
[23hrtowing.co.za/wp-content/themes/enfold/framework/php/avia_shortcodes/tinymce/img/index2a60.html]
[23hrtowing.co.za/wp-content/themes/enfold/framework/php/avia_shortcodes/tinymce/img/index3dd6.html]
[23hrtowing.co.za/wp-content/themes/enfold/framework/php/avia_shortcodes/tinymce/js/table-control.js]
[23hrtowing.co.za/wp-content/themes/enfold/framework/php/avia_shortcodes/tinymce/img/index7dc1.html]
[23hrtowing.co.za/wp-content/themes/enfold/framework/php/avia_shortcodes/tinymce/js/index9a11.html]
[23hrtowing.co.za/wp-content/themes/enfold/framework/php/avia_shortcodes/tinymce/js/index2a60.html]
[23hrtowing.co.za/wp-content/themes/enfold/framework/php/avia_shortcodes/tinymce/img/indexd4cd.html]
[23hrtowing.co.za/wp-content/themes/enfold/framework/php/avia_shortcodes/tinymce/img/index38f9.html]
[23hrtowing.co.za/wp-content/themes/enfold/framework/php/avia_shortcodes/tinymce/js/index3dd6.html]
[23hrtowing.co.za/wp-content/themes/enfold/framework/php/avia_shortcodes/tinymce/img/indexd4cd.html]
[23hrtowing.co.za/wp-content/themes/enfold/framework/php/avia_shortcodes/tinymce/img/index7dc1.html]
[23hrtowing.co.za/wp-content/themes/enfold/framework/php/avia_shortcodes/tinymce/img/index38f9.html]
[23hrtowing.co.za/wp-content/themes/enfold/framework/php/avia_shortcodes/tinymce/js/index7dc1.html]
[23hrtowing.co.za/wp-content/themes/enfold/framework/php/avia_shortcodes/tinymce/js/indexd4cd.html]
[23hrtowing.co.za/wp-content/themes/enfold/framework/php/avia_shortcodes/tinymce/js/index38f9.html]
[23hrtowing.co.za/wp-content/themes/enfold/framework/php/avia_shortcodes/tinymce/js/indexd4cd.html]
[23hrtowing.co.za/wp-content/themes/enfold/framework/php/avia_shortcodes/tinymce/js/index7dc1.html]
[23hrtowing.co.za/wp-content/themes/enfold/framework/php/avia_shortcodes/tinymce/js/index38f9.html]
